// Jest Snapshot v1, https://goo.gl/fbAQLP

exports[`App Component should render properly 1`] = `
<body>
  <div>
    <div
      class="App"
    >
      <div
        class="headerContainer"
      >
        <div
          class="headerContainer__titleSection"
        >
          <h1
            class="headerContainer__titleSection--title"
          >
            PathRenderer
          </h1>
          <h2
            class="headerContainer__titleSection--subtitle"
          >
            showing a generated path from a text direction
          </h2>
        </div>
        <div
          class="headerContainer__changeSection"
        >
          <span
            class="headerContainer__changeSection--selected"
          >
            directions-1
          </span>
          <div
            class="headerContainer__changeSection--options"
          >
            <p
              class="label"
            >
              select direction:
            </p>
            <select
              data-testid="directions"
              id="directions"
              name="directionName"
            >
              <option
                value="directions-1"
              >
                directions-1
              </option>
              <option
                value="directions-2"
              >
                directions-2
              </option>
              <option
                value="directions-3"
              >
                directions-3
              </option>
              <option
                value="directions-4"
              >
                directions-4
              </option>
              <option
                value="directions-5"
              >
                directions-5
              </option>
              <option
                value="directions-6"
              >
                directions-6
              </option>
            </select>
          </div>
          <div
            class="headerContainer__changeSection--button"
          >
            <button
              id="loadButton"
            >
              Load Direction
            </button>
          </div>
        </div>
      </div>
      <div>
        
        <div
          class="legendContainer"
        >
          <p
            class="legendContainer__legendTitle"
          >
            Legend
          </p>
          <div
            class="legendContainer__legendRow"
          >
            <div
              class="legendContainer__legendRow--col"
            >
              <div
                class="td active"
              />
              <span>
                Travel Path
              </span>
            </div>
            <div
              class="legendContainer__legendRow--col"
            >
              <div
                class="td multi"
              />
              <span>
                Cross Path
              </span>
            </div>
            <div
              class="legendContainer__legendRow--col"
            >
              <div
                class="td start"
              />
              <span>
                Start Position
              </span>
            </div>
            <div
              class="legendContainer__legendRow--col"
            >
              <div
                class="td stop"
              />
              <span>
                End Position
              </span>
            </div>
          </div>
        </div>
        <br />
        <div
          class="gridContainer"
        >
          <div>
            <p
              class="gridTitle"
            >
              Path
            </p>
            <table>
              <tbody>
                <tr>
                  <td
                    class=" active"
                  />
                  <td
                    class=" active"
                  />
                  <td
                    class=" active"
                  />
                  <td
                    class=""
                  />
                  <td
                    class=""
                  />
                  <td
                    class=" stop up"
                  />
                </tr>
                <tr>
                  <td
                    class=" active"
                  />
                  <td
                    class=""
                  />
                  <td
                    class=" start"
                  />
                  <td
                    class=" active"
                  />
                  <td
                    class=" active"
                  />
                  <td
                    class=" active"
                  />
                </tr>
                <tr>
                  <td
                    class="multi"
                  />
                  <td
                    class=" active"
                  />
                  <td
                    class=" active"
                  />
                  <td
                    class=" active"
                  />
                  <td
                    class=""
                  />
                  <td
                    class=""
                  />
                </tr>
              </tbody>
            </table>
          </div>
        </div>
      </div>
      <div
        class="footer"
      >
        <p>
          Stephen Aribaba Â© 2020
        </p>
      </div>
    </div>
  </div>
</body>
`;
